// Jest Snapshot v1, https://goo.gl/fbAQLP

exports[`Tests on <GeneralContainer /> should match snapshot 1`] = `
<div>
  <div
    class=" flex flex-col gap-8 justify-end md:justify-center min-h-[1045px] md:min-h-0 h-full items-center"
  >
    <h2>
      Example h2
    </h2>
  </div>
</div>
`;
