// Jest Snapshot v1, https://goo.gl/fbAQLP

exports[`Tests on <AmmountBlock /> should match snapshot 1`] = `
<div>
  <div
    class="flex flex-col justify-between mb-8"
  >
    <div
      class="flex flex-col mb-2"
    >
      <span
        class="text-white font-bold tracking-wide"
      >
        Tip Ammount
      </span>
      <span
        class="text-[#7f9c9f]"
      >
        / person
      </span>
    </div>
    <span
      class="text-teal-500 text-5xl font-bold"
    >
      $
      0.00
    </span>
  </div>
</div>
`;
